
Allocating common symbols
Common symbol       size              file

ir_txMessage        0x2               ./src/system/infrared.o

Discarded input sections

 .debug_line    0x00000000      0x160 ./src/r_reset_program.o
 .debug_info    0x00000000       0x90 ./src/r_reset_program.o
 .debug_abbrev  0x00000000       0x14 ./src/r_reset_program.o
 .debug_aranges
                0x00000000       0x20 ./src/r_reset_program.o

Memory Configuration

Name             Origin             Length             Attributes
VEC              0x00000000         0x00000004
IVEC             0x00000004         0x000000bc
OPT              0x000000c0         0x00000004
SEC_ID           0x000000c4         0x0000000a
OCDSTAD          0x000000ce         0x0000000a
OCDROM           0x00003e00         0x00000200
ROM              0x000000d8         0x00003d28
RAM              0x000ff900         0x000005ff
*default*        0x00000000         0xffffffff

Linker script and memory map


.vec            0x00000000        0x4
 *(.vec)
 .vec           0x00000000        0x4 ./src/r_cg_vector_table.o
                0x00000000                HardwareVectors

.vects          0x00000004       0x7c
 *(.vects)
 .vects         0x00000004       0x7c ./src/r_cg_vector_table.o
                0x00000004                Vectors

.option_bytes   0x000000c0        0x4
 *(.option_bytes)
 .option_bytes  0x000000c0        0x4 ./src/r_cg_vector_table.o
                0x000000c0                Option_Bytes

.security_id    0x000000c4        0xa
 *(.security_id)
 .security_id   0x000000c4        0xa ./src/r_cg_vector_table.o
                0x000000c4                Security_Id

.lowtext        0x000000d8        0x0
 *(.plt)
 .plt           0x000000d8        0x0 ./src/system/infrared.o
 *(.lowtext)
                0x000000d8                . = ALIGN (0x2)

.text           0x000000d8      0x518
 *(.text)
 .text          0x000000d8        0x0 ./src/system/infrared.o
 .text          0x000000d8        0x0 ./src/r_cg_cgc.o
 .text          0x000000d8        0x0 ./src/r_cg_cgc_user.o
 .text          0x000000d8        0x0 ./src/r_cg_intc.o
 .text          0x000000d8        0x0 ./src/r_cg_intc_user.o
 .text          0x000000d8        0x0 ./src/r_cg_port.o
 .text          0x000000d8        0x0 ./src/r_cg_port_user.o
 .text          0x000000d8        0x0 ./src/r_cg_timer.o
 .text          0x000000d8        0x0 ./src/r_cg_timer_user.o
 .text          0x000000d8        0x0 ./src/r_cg_vector_table.o
 .text          0x000000d8        0x0 ./src/r_hardware_setup.o
 .text          0x000000d8        0x0 ./src/r_main.o
 .text          0x000000d8       0x60 ./src/r_reset_program.o
                0x000000da                PowerON_Reset
 *(.text.*)
 .text.button_interrupt
                0x00000138       0x3c ./src/system/infrared.o
                0x00000138                button_interrupt
 .text.ir_enable_pulse
                0x00000174       0x16 ./src/system/infrared.o
                0x00000174                ir_enable_pulse
 .text.ir_txInterruptSR
                0x0000018a      0x112 ./src/system/infrared.o
                0x0000018a                ir_txInterruptSR
 .text.R_CGC_Create
                0x0000029c       0x13 ./src/r_cg_cgc.o
                0x0000029c                R_CGC_Create
 .text.R_CGC_Get_ResetSource
                0x000002af        0x4 ./src/r_cg_cgc_user.o
                0x000002af                R_CGC_Get_ResetSource
 .text.R_INTC_Create
                0x000002b3       0x45 ./src/r_cg_intc.o
                0x000002b3                R_INTC_Create
 .text.R_INTC1_Start
                0x000002f8        0x9 ./src/r_cg_intc.o
                0x000002f8                R_INTC1_Start
 .text.R_INTC1_Stop
                0x00000301        0x9 ./src/r_cg_intc.o
                0x00000301                R_INTC1_Stop
 .text.R_INTC2_Start
                0x0000030a        0x9 ./src/r_cg_intc.o
                0x0000030a                R_INTC2_Start
 .text.R_INTC2_Stop
                0x00000313        0x9 ./src/r_cg_intc.o
                0x00000313                R_INTC2_Stop
 .text.r_intc1_interrupt
                0x0000031c       0x27 ./src/r_cg_intc_user.o
                0x0000031c                r_intc1_interrupt
 .text.r_intc2_interrupt
                0x00000343       0x28 ./src/r_cg_intc_user.o
                0x00000343                r_intc2_interrupt
 .text.R_PORT_Create
                0x0000036b       0x17 ./src/r_cg_port.o
                0x0000036b                R_PORT_Create
 .text.R_TAU0_Create
                0x00000382      0x141 ./src/r_cg_timer.o
                0x00000382                R_TAU0_Create
 .text.R_TAU0_Channel0_Start
                0x000004c3       0x37 ./src/r_cg_timer.o
                0x000004c3                R_TAU0_Channel0_Start
 .text.R_TAU0_Channel0_Stop
                0x000004fa       0x37 ./src/r_cg_timer.o
                0x000004fa                R_TAU0_Channel0_Stop
 .text.R_TAU0_Channel3_Start
                0x00000531       0x1c ./src/r_cg_timer.o
                0x00000531                R_TAU0_Channel3_Start
 .text.R_TAU0_Channel3_Stop
                0x0000054d       0x1c ./src/r_cg_timer.o
                0x0000054d                R_TAU0_Channel3_Stop
 .text.r_tau0_channel0_interrupt
                0x00000569       0x10 ./src/r_cg_timer_user.o
                0x00000569                r_tau0_channel0_interrupt
 .text.r_tau0_channel1_interrupt
                0x00000579       0x10 ./src/r_cg_timer_user.o
                0x00000579                r_tau0_channel1_interrupt
 .text.r_tau0_channel3_interrupt
                0x00000589       0x20 ./src/r_cg_timer_user.o
                0x00000589                r_tau0_channel3_interrupt
 .text.R_Dummy  0x000005a9        0xc ./src/r_cg_vector_table.o
                0x000005a9                R_Dummy
 .text.R_Systeminit
                0x000005b5       0x1b ./src/r_hardware_setup.o
                0x000005b5                R_Systeminit
 .text.HardwareSetup
                0x000005d0        0xc ./src/r_hardware_setup.o
                0x000005d0                HardwareSetup
 .text.startup.main
                0x000005dc        0xf ./src/r_main.o
                0x000005dc                main
 .text.R_MAIN_UserInit
                0x000005eb        0x4 ./src/r_main.o
                0x000005eb                R_MAIN_UserInit
                0x000005ef                etext = .
                0x000005f0                . = ALIGN (0x2)
 *fill*         0x000005ef        0x1 

.init
 *(.init)

.fini
 *(.fini)

.got
 *(.got)
 *(.got.plt)

.rodata         0x00002000        0x0
                0x00002000                . = ALIGN (0x2)
 *(.rodata)
 *(.rodata.*)
                0x00002000                _erodata = .

.eh_frame_hdr
 *(.eh_frame_hdr)

.eh_frame
 *(.eh_frame)

.jcr
 *(.jcr)

.tors           0x000005f0        0x0
                0x000005f0                __CTOR_LIST__ = .
                0x000005f0                . = ALIGN (0x2)
                0x000005f0                ___ctors = .
 *(.ctors)
                0x000005f0                ___ctors_end = .
                0x000005f0                __CTOR_END__ = .
                0x000005f0                __DTOR_LIST__ = .
                0x000005f0                ___dtors = .
 *(.dtors)
                0x000005f0                ___dtors_end = .
                0x000005f0                __DTOR_END__ = .
                0x000005f0                . = ALIGN (0x2)
                0x000005f0                _mdata = .

.data           0x000ff900        0x4 load address 0x000005f0
                0x000ff900                . = ALIGN (0x2)
                0x000ff900                _data = .
 *(.data)
 .data          0x000ff900        0x0 ./src/system/infrared.o
 .data          0x000ff900        0x0 ./src/r_cg_cgc.o
 .data          0x000ff900        0x0 ./src/r_cg_cgc_user.o
 .data          0x000ff900        0x0 ./src/r_cg_intc.o
 .data          0x000ff900        0x0 ./src/r_cg_intc_user.o
 .data          0x000ff900        0x0 ./src/r_cg_port.o
 .data          0x000ff900        0x0 ./src/r_cg_port_user.o
 .data          0x000ff900        0x0 ./src/r_cg_timer.o
 .data          0x000ff900        0x0 ./src/r_cg_timer_user.o
 .data          0x000ff900        0x0 ./src/r_cg_vector_table.o
 .data          0x000ff900        0x0 ./src/r_hardware_setup.o
 .data          0x000ff900        0x0 ./src/r_main.o
 .data          0x000ff900        0x0 ./src/r_reset_program.o
 *(.data.*)
 .data.ir_14bitMessage_inHalfBits_counter.1636
                0x000ff900        0x1 ./src/system/infrared.o
 .data.ir_64bitMessage_inHalfBits_counter.1635
                0x000ff901        0x1 ./src/system/infrared.o
 .data.setup.1634
                0x000ff902        0x1 ./src/system/infrared.o
 .data.toggle_debounce_counter
                0x000ff903        0x1 ./src/system/infrared.o
                0x000ff903                toggle_debounce_counter
                0x000ff904                . = ALIGN (0x2)
                0x000ff904                _edata = .

.bss            0x000ff904        0x4 load address 0x000005f4
                0x000ff904                . = ALIGN (0x2)
                0x000ff904                _bss = .
 *(.bss)
 .bss           0x000ff904        0x0 ./src/system/infrared.o
 .bss           0x000ff904        0x0 ./src/r_cg_cgc.o
 .bss           0x000ff904        0x0 ./src/r_cg_cgc_user.o
 .bss           0x000ff904        0x0 ./src/r_cg_intc.o
 .bss           0x000ff904        0x0 ./src/r_cg_intc_user.o
 .bss           0x000ff904        0x0 ./src/r_cg_port.o
 .bss           0x000ff904        0x0 ./src/r_cg_port_user.o
 .bss           0x000ff904        0x0 ./src/r_cg_timer.o
 .bss           0x000ff904        0x0 ./src/r_cg_timer_user.o
 .bss           0x000ff904        0x0 ./src/r_cg_vector_table.o
 .bss           0x000ff904        0x0 ./src/r_hardware_setup.o
 .bss           0x000ff904        0x0 ./src/r_main.o
 .bss           0x000ff904        0x0 ./src/r_reset_program.o
 *(.bss.**)
 .bss.toggled   0x000ff904        0x1 ./src/system/infrared.o
                0x000ff904                toggled
                0x000ff906                . = ALIGN (0x2)
 *fill*         0x000ff905        0x1 
 *(COMMON)
 COMMON         0x000ff906        0x2 ./src/system/infrared.o
                0x000ff906                ir_txMessage
                0x000ff908                . = ALIGN (0x2)
                0x000ff908                _ebss = .
                0x000ff908                _end = .

.stack          0x000ffe00        0x0
                0x000ffe00                _stack = .
LOAD ./src/system/infrared.o
LOAD ./src/r_cg_cgc.o
LOAD ./src/r_cg_cgc_user.o
LOAD ./src/r_cg_intc.o
LOAD ./src/r_cg_intc_user.o
LOAD ./src/r_cg_port.o
LOAD ./src/r_cg_port_user.o
LOAD ./src/r_cg_timer.o
LOAD ./src/r_cg_timer_user.o
LOAD ./src/r_cg_vector_table.o
LOAD ./src/r_hardware_setup.o
LOAD ./src/r_main.o
LOAD ./src/r_reset_program.o
LOAD libEdesign314_IR_remote_G12.a
START GROUP
LOAD C:\e2_studio\Edesign314_2016\IR_remote_G12\Edesign314_IR_remote_G12\Release\libEdesign314_IR_remote_G12.a
LOAD C:\PROGRA~2\KPIT\GNURL7~1.02-\rl78-ELF/lib/gcc/rl78-elf/4.9-GNURL78_v15.02\libgcc.a
END GROUP
OUTPUT(Edesign314_IR_remote_G12.x elf32-rl78)

.comment        0x00000000       0x94
 .comment       0x00000000       0x94 ./src/system/infrared.o
                                 0x95 (size before relaxing)
 .comment       0x00000000       0x95 ./src/r_cg_cgc.o
 .comment       0x00000000       0x95 ./src/r_cg_cgc_user.o
 .comment       0x00000000       0x95 ./src/r_cg_intc.o
 .comment       0x00000000       0x95 ./src/r_cg_intc_user.o
 .comment       0x00000000       0x95 ./src/r_cg_port.o
 .comment       0x00000000       0x95 ./src/r_cg_port_user.o
 .comment       0x00000000       0x95 ./src/r_cg_timer.o
 .comment       0x00000000       0x95 ./src/r_cg_timer_user.o
 .comment       0x00000000       0x95 ./src/r_cg_vector_table.o
 .comment       0x00000000       0x95 ./src/r_hardware_setup.o
 .comment       0x00000000       0x95 ./src/r_main.o

.debug_line

.debug_info

.debug_abbrev

.debug_aranges
